node scripts/surface-clarity.mjs check 
{
  "framework_version": "1.0.0",
  "current_sha": "4857d3beca6add7ba1a03f210d79ff67c215b931",
  "binding": {
    "registry_digest": "f5b46bc031ea2235484ebd492e09540bfde23dca1e774591c71b3fa5c18efbda",
    "runtime_digest": "b73554f66065ce545675ebe56dd0baf79b3fb426b24d724628a7ef30dd4801ab",
    "schema_commit": "5107e64b1b2a0cb0eddd34f8235dfd6ae1d54013",
    "golden_commit": "4ba456e6595330e4ca8e21366e0d827f17e10881"
  },
  "runtime_file_count": 162,
  "journey_count": 28,
  "errors": [],
  "blockers": [
    "J01: not reviewed",
    "J01: truth fail",
    "J01: orientation fail",
    "J01: effort unassessed",
    "J01: continuity fail",
    "J01: recovery fail",
    "J01: finish unassessed",
    "J01: alternate_paths fail",
    "J01: back_reopen_reload fail",
    "J01: counterpart unassessed",
    "J01: empty_unavailable unassessed",
    "J01: error_recovery fail",
    "J01: completion unassessed",
    "J01: visual_access unassessed",
    "J01: SC-J01-001 open",
    "J01: SC-J01-002 open",
    "J01: SC-J01-003 needs_product_decision",
    "J02: not reviewed",
    "J02: task/actor/route/viewport scope incomplete",
    "J02: truth unassessed",
    "J02: orientation unassessed",
    "J02: consequence unassessed",
    "J02: effort unassessed",
    "J02: controls unassessed",
    "J02: continuity unassessed",
    "J02: recovery unassessed",
    "J02: finish unassessed",
    "J02: primary_task unassessed",
    "J02: alternate_paths unassessed",
    "J02: back_reopen_reload unassessed",
    "J02: permissions unassessed",
    "J02: counterpart unassessed",
    "J02: empty_unavailable unassessed",
    "J02: error_recovery unassessed",
    "J02: completion unassessed",
    "J02: visual_access unassessed",
    "J02: UX-005 open",
    "J02: UX-006 open",
    "J03: not reviewed",
    "J03: task/actor/route/viewport scope incomplete",
    "J03: truth unassessed",
    "J03: orientation unassessed",
    "J03: consequence unassessed",
    "J03: effort unassessed",
    "J03: controls unassessed",
    "J03: continuity unassessed",
    "J03: recovery unassessed",
    "J03: finish unassessed",
    "J03: primary_task unassessed",
    "J03: alternate_paths unassessed",
    "J03: back_reopen_reload unassessed",
    "J03: permissions unassessed",
    "J03: counterpart unassessed",
    "J03: empty_unavailable unassessed",
    "J03: error_recovery unassessed",
    "J03: completion unassessed",
    "J03: visual_access unassessed",
    "J04: not reviewed",
    "J04: task/actor/route/viewport scope incomplete",
    "J04: truth unassessed",
    "J04: orientation unassessed",
    "J04: consequence unassessed",
    "J04: effort unassessed",
    "J04: controls unassessed",
    "J04: continuity unassessed",
    "J04: recovery unassessed",
    "J04: finish unassessed",
    "J04: primary_task unassessed",
    "J04: alternate_paths unassessed",
    "J04: back_reopen_reload unassessed",
    "J04: permissions unassessed",
    "J04: counterpart unassessed",
    "J04: empty_unavailable unassessed",
    "J04: error_recovery unassessed",
    "J04: completion unassessed",
    "J04: visual_access unassessed",
    "J04: UX-010 open",
    "J05: not reviewed",
    "J05: task/actor/route/viewport scope incomplete",
    "J05: truth unassessed",
    "J05: orientation unassessed",
    "J05: consequence unassessed",
    "J05: effort unassessed",
    "J05: controls unassessed",
    "J05: continuity unassessed",
    "J05: recovery unassessed",
    "J05: finish unassessed",
    "J05: primary_task unassessed",
    "J05: alternate_paths unassessed",
    "J05: back_reopen_reload unassessed",
    "J05: permissions unassessed",
    "J05: counterpart unassessed",
    "J05: empty_unavailable unassessed",
    "J05: error_recovery unassessed",
    "J05: completion unassessed",
    "J05: visual_access unassessed",
    "J05: UX-006 open",
    "J05: UX-008 open",
    "J06: not reviewed",
    "J06: task/actor/route/viewport scope incomplete",
    "J06: truth unassessed",
    "J06: orientation unassessed",
    "J06: consequence unassessed",
    "J06: effort unassessed",
    "J06: controls unassessed",
    "J06: continuity unassessed",
    "J06: recovery unassessed",
    "J06: finish unassessed",
    "J06: primary_task unassessed",
    "J06: alternate_paths unassessed",
    "J06: back_reopen_reload unassessed",
    "J06: permissions unassessed",
    "J06: counterpart unassessed",
    "J06: empty_unavailable unassessed",
    "J06: error_recovery unassessed",
    "J06: completion unassessed",
    "J06: visual_access unassessed",
    "J06: UX-007 open",
    "J06: UX-009 open",
    "J06: UX-011 open",
    "J07: not reviewed",
    "J07: task/actor/route/viewport scope incomplete",
    "J07: truth unassessed",
    "J07: orientation unassessed",
    "J07: consequence unassessed",
    "J07: effort unassessed",
    "J07: controls unassessed",
    "J07: continuity unassessed",
    "J07: recovery unassessed",
    "J07: finish unassessed",
    "J07: primary_task unassessed",
    "J07: alternate_paths unassessed",
    "J07: back_reopen_reload unassessed",
    "J07: permissions unassessed",
    "J07: counterpart unassessed",
    "J07: empty_unavailable unassessed",
    "J07: error_recovery unassessed",
    "J07: completion unassessed",
    "J07: visual_access unassessed",
    "J07: UX-007 open",
    "J08: not reviewed",
    "J08: task/actor/route/viewport scope incomplete",
    "J08: truth unassessed",
    "J08: orientation unassessed",
    "J08: consequence unassessed",
    "J08: effort unassessed",
    "J08: controls unassessed",
    "J08: continuity unassessed",
    "J08: recovery unassessed",
    "J08: finish unassessed",
    "J08: primary_task unassessed",
    "J08: alternate_paths unassessed",
    "J08: back_reopen_reload unassessed",
    "J08: permissions unassessed",
    "J08: counterpart unassessed",
    "J08: empty_unavailable unassessed",
    "J08: error_recovery unassessed",
    "J08: completion unassessed",
    "J08: visual_access unassessed",
    "J08: UX-006 open",
    "J09: not reviewed",
    "J09: task/actor/route/viewport scope incomplete",
    "J09: truth unassessed",
    "J09: orientation unassessed",
    "J09: consequence unassessed",
    "J09: effort unassessed",
    "J09: controls unassessed",
    "J09: continuity unassessed",
    "J09: recovery unassessed",
    "J09: finish unassessed",
    "J09: primary_task unassessed",
    "J09: alternate_paths unassessed",
    "J09: back_reopen_reload unassessed",
    "J09: permissions unassessed",
    "J09: counterpart unassessed",
    "J09: empty_unavailable unassessed",
    "J09: error_recovery unassessed",
    "J09: completion unassessed",
    "J09: visual_access unassessed",
    "J10: not reviewed",
    "J10: task/actor/route/viewport scope incomplete",
    "J10: truth unassessed",
    "J10: orientation unassessed",
    "J10: consequence unassessed",
    "J10: effort unassessed",
    "J10: controls unassessed",
    "J10: continuity unassessed",
    "J10: recovery unassessed",
    "J10: finish unassessed",
    "J10: primary_task unassessed",
    "J10: alternate_paths unassessed",
    "J10: back_reopen_reload unassessed",
    "J10: permissions unassessed",
    "J10: counterpart unassessed",
    "J10: empty_unavailable unassessed",
    "J10: error_recovery unassessed",
    "J10: completion unassessed",
    "J10: visual_access unassessed",
    "J10: UX-003 open",
    "J11: not reviewed",
    "J11: task/actor/route/viewport scope incomplete",
    "J11: truth unassessed",
    "J11: orientation unassessed",
    "J11: consequence unassessed",
    "J11: effort unassessed",
    "J11: controls unassessed",
    "J11: continuity unassessed",
    "J11: recovery unassessed",
    "J11: finish unassessed",
    "J11: primary_task unassessed",
    "J11: alternate_paths unassessed",
    "J11: back_reopen_reload unassessed",
    "J11: permissions unassessed",
    "J11: counterpart unassessed",
    "J11: empty_unavailable unassessed",
    "J11: error_recovery unassessed",
    "J11: completion unassessed",
    "J11: visual_access unassessed",
    "J12: not reviewed",
    "J12: task/actor/route/viewport scope incomplete",
    "J12: truth unassessed",
    "J12: orientation unassessed",
    "J12: consequence unassessed",
    "J12: effort unassessed",
    "J12: controls unassessed",
    "J12: continuity unassessed",
    "J12: recovery unassessed",
    "J12: finish unassessed",
    "J12: primary_task unassessed",
    "J12: alternate_paths unassessed",
    "J12: back_reopen_reload unassessed",
    "J12: permissions unassessed",
    "J12: counterpart unassessed",
    "J12: empty_unavailable unassessed",
    "J12: error_recovery unassessed",
    "J12: completion unassessed",
    "J12: visual_access unassessed",
    "J13: not reviewed",
    "J13: task/actor/route/viewport scope incomplete",
    "J13: truth unassessed",
    "J13: orientation unassessed",
    "J13: consequence unassessed",
    "J13: effort unassessed",
    "J13: controls unassessed",
    "J13: continuity unassessed",
    "J13: recovery unassessed",
    "J13: finish unassessed",
    "J13: primary_task unassessed",
    "J13: alternate_paths unassessed",
    "J13: back_reopen_reload unassessed",
    "J13: permissions unassessed",
    "J13: counterpart unassessed",
    "J13: empty_unavailable unassessed",
    "J13: error_recovery unassessed",
    "J13: completion unassessed",
    "J13: visual_access unassessed",
    "J14: not reviewed",
    "J14: task/actor/route/viewport scope incomplete",
    "J14: truth unassessed",
    "J14: orientation unassessed",
    "J14: consequence unassessed",
    "J14: effort unassessed",
    "J14: controls unassessed",
    "J14: continuity unassessed",
    "J14: recovery unassessed",
    "J14: finish unassessed",
    "J14: primary_task unassessed",
    "J14: alternate_paths unassessed",
    "J14: back_reopen_reload unassessed",
    "J14: permissions unassessed",
    "J14: counterpart unassessed",
    "J14: empty_unavailable unassessed",
    "J14: error_recovery unassessed",
    "J14: completion unassessed",
    "J14: visual_access unassessed",
    "J15: not reviewed",
    "J15: task/actor/route/viewport scope incomplete",
    "J15: truth unassessed",
    "J15: orientation unassessed",
    "J15: consequence unassessed",
    "J15: effort unassessed",
    "J15: controls unassessed",
    "J15: continuity unassessed",
    "J15: recovery unassessed",
    "J15: finish unassessed",
    "J15: primary_task unassessed",
    "J15: alternate_paths unassessed",
    "J15: back_reopen_reload unassessed",
    "J15: permissions unassessed",
    "J15: counterpart unassessed",
    "J15: empty_unavailable unassessed",
    "J15: error_recovery unassessed",
    "J15: completion unassessed",
    "J15: visual_access unassessed",
    "J15: UX-002 open",
    "J16: not reviewed",
    "J16: task/actor/route/viewport scope incomplete",
    "J16: truth unassessed",
    "J16: orientation unassessed",
    "J16: consequence unassessed",
    "J16: effort unassessed",
    "J16: controls unassessed",
    "J16: continuity unassessed",
    "J16: recovery unassessed",
    "J16: finish unassessed",
    "J16: primary_task unassessed",
    "J16: alternate_paths unassessed",
    "J16: back_reopen_reload unassessed",
    "J16: permissions unassessed",
    "J16: counterpart unassessed",
    "J16: empty_unavailable unassessed",
    "J16: error_recovery unassessed",
    "J16: completion unassessed",
    "J16: visual_access unassessed",
    "J16: UX-001 open",
    "J16: UX-002 open",
    "J17: not reviewed",
    "J17: task/actor/route/viewport scope incomplete",
    "J17: truth unassessed",
    "J17: orientation unassessed",
    "J17: consequence unassessed",
    "J17: effort unassessed",
    "J17: controls unassessed",
    "J17: continuity unassessed",
    "J17: recovery unassessed",
    "J17: finish unassessed",
    "J17: primary_task unassessed",
    "J17: alternate_paths unassessed",
    "J17: back_reopen_reload unassessed",
    "J17: permissions unassessed",
    "J17: counterpart unassessed",
    "J17: empty_unavailable unassessed",
    "J17: error_recovery unassessed",
    "J17: completion unassessed",
    "J17: visual_access unassessed",
    "J17: UX-004 open",
    "J18: not reviewed",
    "J18: task/actor/route/viewport scope incomplete",
    "J18: truth unassessed",
    "J18: orientation unassessed",
    "J18: consequence unassessed",
    "J18: effort unassessed",
    "J18: controls unassessed",
    "J18: continuity unassessed",
    "J18: recovery unassessed",
    "J18: finish unassessed",
    "J18: primary_task unassessed",
    "J18: alternate_paths unassessed",
    "J18: back_reopen_reload unassessed",
    "J18: permissions unassessed",
    "J18: counterpart unassessed",
    "J18: empty_unavailable unassessed",
    "J18: error_recovery unassessed",
    "J18: completion unassessed",
    "J18: visual_access unassessed",
    "J18: UX-004 open",
    "J19: not reviewed",
    "J19: task/actor/route/viewport scope incomplete",
    "J19: truth unassessed",
    "J19: orientation unassessed",
    "J19: consequence unassessed",
    "J19: effort unassessed",
    "J19: controls unassessed",
    "J19: continuity unassessed",
    "J19: recovery unassessed",
    "J19: finish unassessed",
    "J19: primary_task unassessed",
    "J19: alternate_paths unassessed",
    "J19: back_reopen_reload unassessed",
    "J19: permissions unassessed",
    "J19: counterpart unassessed",
    "J19: empty_unavailable unassessed",
    "J19: error_recovery unassessed",
    "J19: completion unassessed",
    "J19: visual_access unassessed",
    "J19: UX-004 open",
    "J20: not reviewed",
    "J20: task/actor/route/viewport scope incomplete",
    "J20: truth unassessed",
    "J20: orientation unassessed",
    "J20: consequence unassessed",
    "J20: effort unassessed",
    "J20: controls unassessed",
    "J20: continuity unassessed",
    "J20: recovery unassessed",
    "J20: finish unassessed",
    "J20: primary_task unassessed",
    "J20: alternate_paths unassessed",
    "J20: back_reopen_reload unassessed",
    "J20: permissions unassessed",
    "J20: counterpart unassessed",
    "J20: empty_unavailable unassessed",
    "J20: error_recovery unassessed",
    "J20: completion unassessed",
    "J20: visual_access unassessed",
    "J20: UX-009 open",
    "J21: not reviewed",
    "J21: task/actor/route/viewport scope incomplete",
    "J21: truth unassessed",
    "J21: orientation unassessed",
    "J21: consequence unassessed",
    "J21: effort unassessed",
    "J21: controls unassessed",
    "J21: continuity unassessed",
    "J21: recovery unassessed",
    "J21: finish unassessed",
    "J21: primary_task unassessed",
    "J21: alternate_paths unassessed",
    "J21: back_reopen_reload unassessed",
    "J21: permissions unassessed",
    "J21: counterpart unassessed",
    "J21: empty_unavailable unassessed",
    "J21: error_recovery unassessed",
    "J21: completion unassessed",
    "J21: visual_access unassessed",
    "J21: UX-004 open",
    "J22: not reviewed",
    "J22: task/actor/route/viewport scope incomplete",
    "J22: truth unassessed",
    "J22: orientation unassessed",
    "J22: consequence unassessed",
    "J22: effort unassessed",
    "J22: controls unassessed",
    "J22: continuity unassessed",
    "J22: recovery unassessed",
    "J22: finish unassessed",
    "J22: primary_task unassessed",
    "J22: alternate_paths unassessed",
    "J22: back_reopen_reload unassessed",
    "J22: permissions unassessed",
    "J22: counterpart unassessed",
    "J22: empty_unavailable unassessed",
    "J22: error_recovery unassessed",
    "J22: completion unassessed",
    "J22: visual_access unassessed",
    "J22: UX-004 open",
    "J22: UX-012 open",
    "J23: not reviewed",
    "J23: task/actor/route/viewport scope incomplete",
    "J23: truth unassessed",
    "J23: orientation unassessed",
    "J23: consequence unassessed",
    "J23: effort unassessed",
    "J23: controls unassessed",
    "J23: continuity unassessed",
    "J23: recovery unassessed",
    "J23: finish unassessed",
    "J23: primary_task unassessed",
    "J23: alternate_paths unassessed",
    "J23: back_reopen_reload unassessed",
    "J23: permissions unassessed",
    "J23: counterpart unassessed",
    "J23: empty_unavailable unassessed",
    "J23: error_recovery unassessed",
    "J23: completion unassessed",
    "J23: visual_access unassessed",
    "J23: UX-003 open",
    "J24: not reviewed",
    "J24: task/actor/route/viewport scope incomplete",
    "J24: truth unassessed",
    "J24: orientation unassessed",
    "J24: consequence unassessed",
    "J24: effort unassessed",
    "J24: controls unassessed",
    "J24: continuity unassessed",
    "J24: recovery unassessed",
    "J24: finish unassessed",
    "J24: primary_task unassessed",
    "J24: alternate_paths unassessed",
    "J24: back_reopen_reload unassessed",
    "J24: permissions unassessed",
    "J24: counterpart unassessed",
    "J24: empty_unavailable unassessed",
    "J24: error_recovery unassessed",
    "J24: completion unassessed",
    "J24: visual_access unassessed",
    "J24: UX-003 open",
    "J24: UX-004 open",
    "J25: not reviewed",
    "J25: task/actor/route/viewport scope incomplete",
    "J25: truth unassessed",
    "J25: orientation unassessed",
    "J25: consequence unassessed",
    "J25: effort unassessed",
    "J25: controls unassessed",
    "J25: continuity unassessed",
    "J25: recovery unassessed",
    "J25: finish unassessed",
    "J25: primary_task unassessed",
    "J25: alternate_paths unassessed",
    "J25: back_reopen_reload unassessed",
    "J25: permissions unassessed",
    "J25: counterpart unassessed",
    "J25: empty_unavailable unassessed",
    "J25: error_recovery unassessed",
    "J25: completion unassessed",
    "J25: visual_access unassessed",
    "J25: UX-003 open",
    "J25: UX-004 open",
    "J26: not reviewed",
    "J26: task/actor/route/viewport scope incomplete",
    "J26: truth unassessed",
    "J26: orientation unassessed",
    "J26: consequence unassessed",
    "J26: effort unassessed",
    "J26: controls unassessed",
    "J26: continuity unassessed",
    "J26: recovery unassessed",
    "J26: finish unassessed",
    "J26: primary_task unassessed",
    "J26: alternate_paths unassessed",
    "J26: back_reopen_reload unassessed",
    "J26: permissions unassessed",
    "J26: counterpart unassessed",
    "J26: empty_unavailable unassessed",
    "J26: error_recovery unassessed",
    "J26: completion unassessed",
    "J26: visual_access unassessed",
    "J26: UX-003 open",
    "J26: UX-004 open",
    "J27: not reviewed",
    "J27: task/actor/route/viewport scope incomplete",
    "J27: truth unassessed",
    "J27: orientation unassessed",
    "J27: consequence unassessed",
    "J27: effort unassessed",
    "J27: controls unassessed",
    "J27: continuity unassessed",
    "J27: recovery unassessed",
    "J27: finish unassessed",
    "J27: primary_task unassessed",
    "J27: alternate_paths unassessed",
    "J27: back_reopen_reload unassessed",
    "J27: permissions unassessed",
    "J27: counterpart unassessed",
    "J27: empty_unavailable unassessed",
    "J27: error_recovery unassessed",
    "J27: completion unassessed",
    "J27: visual_access unassessed",
    "J27: UX-003 open",
    "J27: UX-004 open",
    "J28: not reviewed",
    "J28: task/actor/route/viewport scope incomplete",
    "J28: truth unassessed",
    "J28: orientation unassessed",
    "J28: consequence unassessed",
    "J28: effort unassessed",
    "J28: controls unassessed",
    "J28: continuity unassessed",
    "J28: recovery unassessed",
    "J28: finish unassessed",
    "J28: primary_task unassessed",
    "J28: alternate_paths unassessed",
    "J28: back_reopen_reload unassessed",
    "J28: permissions unassessed",
    "J28: counterpart unassessed",
    "J28: empty_unavailable unassessed",
    "J28: error_recovery unassessed",
    "J28: completion unassessed",
    "J28: visual_access unassessed",
    "J28: UX-003 open",
    "J28: UX-004 open"
  ],
  "rows": [
    {
      "id": "J01",
      "name": "Enter ChopDot",
      "status": "blocked",
      "checks": 2,
      "scenarios": 2,
      "findings": 3
    },
    {
      "id": "J02",
      "name": "Home / Orientation",
      "status": "not_reviewed",
      "checks": 0,
      "scenarios": 0,
      "findings": 2
    },
    {
      "id": "J03",
      "name": "Create a Group",
      "status": "not_reviewed",
      "checks": 0,
      "scenarios": 0,
      "findings": 0
    },
    {
      "id": "J04",
      "name": "Invite / Join a Group",
      "status": "not_reviewed",
      "checks": 0,
      "scenarios": 0,
      "findings": 1
    },
    {
      "id": "J05",
      "name": "Add an Expense",
      "status": "not_reviewed",
      "checks": 0,
      "scenarios": 0,
      "findings": 2
    },
    {
      "id": "J06",
      "name": "Review / Correct an Expense",
      "status": "not_reviewed",
      "checks": 0,
      "scenarios": 0,
      "findings": 3
    },
    {
      "id": "J07",
      "name": "Review / Agree / Raise an Issue",
      "status": "not_reviewed",
      "checks": 0,
      "scenarios": 0,
      "findings": 1
    },
    {
      "id": "J08",
      "name": "Group Home",
      "status": "not_reviewed",
      "checks": 0,
      "scenarios": 0,
      "findings": 1
    },
    {
      "id": "J09",
      "name": "Manage People",
      "status": "not_reviewed",
      "checks": 0,
      "scenarios": 0,
      "findings": 0
    },
    {
      "id": "J10",
      "name": "Overall Position",
      "status": "not_reviewed",
      "checks": 0,
      "scenarios": 0,
      "findings": 1
    },
    {
      "id": "J11",
      "name": "Settle Up",
      "status": "not_reviewed",
      "checks": 0,
      "scenarios": 0,
      "findings": 0
    },
    {
      "id": "J12",
      "name": "Complete Settlement",
      "status": "not_reviewed",
      "checks": 0,
      "scenarios": 0,
      "findings": 0
    },
    {
      "id": "J13",
      "name": "Request Money",
      "status": "not_reviewed",
      "checks": 0,
      "scenarios": 0,
      "findings": 0
    },
    {
      "id": "J14",
      "name": "Receive / Share Payment Details",
      "status": "not_reviewed",
      "checks": 0,
      "scenarios": 0,
      "findings": 0
    },
    {
      "id": "J15",
      "name": "Settlement History",
      "status": "not_reviewed",
      "checks": 0,
      "scenarios": 0,
      "findings": 1
    },
    {
      "id": "J16",
      "name": "Savings Group",
      "status": "not_reviewed",
      "checks": 0,
      "scenarios": 0,
      "findings": 2
    },
    {
      "id": "J17",
      "name": "Contribute / Withdraw Savings",
      "status": "not_reviewed",
      "checks": 0,
      "scenarios": 0,
      "findings": 1
    },
    {
      "id": "J18",
      "name": "Activity & Notifications",
      "status": "not_reviewed",
      "checks": 0,
      "scenarios": 0,
      "findings": 1
    },
    {
      "id": "J19",
      "name": "Insights",
      "status": "not_reviewed",
      "checks": 0,
      "scenarios": 0,
      "findings": 1
    },
    {
      "id": "J20",
      "name": "Payment Methods",
      "status": "not_reviewed",
      "checks": 0,
      "scenarios": 0,
      "findings": 1
    },
    {
      "id": "J21",
      "name": "Wallet & Crypto",
      "status": "not_reviewed",
      "checks": 0,
      "scenarios": 0,
      "findings": 1
    },
    {
      "id": "J22",
      "name": "QR Flows",
      "status": "not_reviewed",
      "checks": 0,
      "scenarios": 0,
      "findings": 2
    },
    {
      "id": "J23",
      "name": "Import Data / Group",
      "status": "not_reviewed",
      "checks": 0,
      "scenarios": 0,
      "findings": 1
    },
    {
      "id": "J24",
      "name": "Export / Portability",
      "status": "not_reviewed",
      "checks": 0,
      "scenarios": 0,
      "findings": 2
    },
    {
      "id": "J25",
      "name": "Storage / Backup / Recovery",
      "status": "not_reviewed",
      "checks": 0,
      "scenarios": 0,
      "findings": 2
    },
    {
      "id": "J26",
      "name": "Group Lifecycle",
      "status": "not_reviewed",
      "checks": 0,
      "scenarios": 0,
      "findings": 2
    },
    {
      "id": "J27",
      "name": "Account & Preferences",
      "status": "not_reviewed",
      "checks": 0,
      "scenarios": 0,
      "findings": 2
    },
    {
      "id": "J28",
      "name": "Things Go Wrong / Recovery",
      "status": "not_reviewed",
      "checks": 0,
      "scenarios": 0,
      "findings": 2
    }
  ],
  "structure": "VALID",
  "readiness": "INCOMPLETE"
}

exit_code=0
